// Jest Snapshot v1, https://goo.gl/fbAQLP

exports[`render DocumentBlank 1`] = `
.c5 {
  line-height: 1.5;
  margin: 0;
  display: inline-flex;
  justify-content: center;
  align-items: center;
  box-sizing: border-box;
  border: none;
  border-radius: 4px;
  cursor: pointer;
  font-family: inherit;
  font-weight: 600;
  outline: none;
  position: relative;
  text-align: center;
  text-decoration: none;
  text-transform: uppercase;
  transition: all 0.3s;
  -webkit-font-smoothing: antialiased;
  color: #000000;
  background: #9F85FF;
  min-height: 32px;
  font-size: 12px;
  padding: 0px 24px;
}

.c5:hover,
.c5:focus {
  background: #B29DFF;
}

.c5:active {
  background: #C5B6FF;
}

.c5:disabled {
  background: rgba(255,255,255,0.12);
  color: rgba(255,255,255,0.3);
  cursor: auto;
}

.c3 {
  display: inline-block;
  transition: color 0.3s;
  color: #FFFFFF;
  margin-bottom: 40px;
  margin-top: 72px;
  font-size: 256px;
}

.c0 {
  box-sizing: border-box;
  margin: -16px;
  height: 100%;
  width: 100%;
  display: flex;
}

.c1 {
  box-sizing: border-box;
  flex: 1;
  display: flex;
}

.c2 {
  box-sizing: border-box;
  flex: 1;
  display: flex;
  align-items: center;
  flex-direction: column;
}

.c4 {
  color: rgba(255,255,255,0.13);
}

<div
  class="c0"
  height="100%"
  style="position: absolute;"
  width="100%"
>
  <div
    class="c1"
    style="overflow: auto; display: flex; position: relative;"
  >
    <div
      class="c2"
    >
      <span
        class="c3 icon icon-terminal c4"
        font-size="256px"
      />
      <button
        class="c5"
        kind="primary"
      >
        Start a New Session
      </button>
    </div>
  </div>
</div>
`;
