type: kubernetes
destination:
  type: memory
kubernetes_cluster: k8s.example.com
