type: identity
destination:
  type: memory
roles:
  - access
cluster: leaf.example.com
